// Bun Snapshot v1, https://bun.sh/docs/test/snapshots

exports[`specialist role definitions matches golden factory prompts and descriptions 1`] = `
[
  {
    "description": "Fast codebase search and pattern matching.",
    "name": "explorer",
    "promptSha256": "657724c5b0702192c525270046ea67fe6e7ba9627186a0f155661aba04820788",
  },
  {
    "description": "External documentation and library research.",
    "name": "librarian",
    "promptSha256": "3f91bd61566c33dcfac8bd3a60c8aa3d19badf8ad0815f2d49a072f97faecaa5",
  },
  {
    "description": "Strategic technical advisor.",
    "name": "oracle",
    "promptSha256": "1189ff70ac4fea4fe380ac68a93b5f0f3e8ea0d639737b34241b920be74cc119",
  },
  {
    "description": "UI/UX design, review, and implementation.",
    "name": "designer",
    "promptSha256": "2f30988368a2e701290186508aca4e44ff47711da4dc60d0bdcba1527c6b97f4",
  },
  {
    "description": "Fast implementation specialist.",
    "name": "fixer",
    "promptSha256": "03beea3b18b70d4ca86601b9850dd35a69fbe359d772d2baafe5c81851c10c22",
  },
  {
    "description": "Visual analysis specialist; requires a vision-capable model.",
    "name": "observer",
    "promptSha256": "f227ecbf75d8a8ca5fdfcad94746bec754c6f3d639707bd0255e7277fe225788",
  },
]
`;
